GC-content: 0.601807228916
AT-content: 0.398192771084
G count: 12176
C count: 11800
A count: 7970
T count: 7894
Sum of G+C+A+T counts: 39840
Total count: 40000
Length of nucleotides: 40000
AT/GC Ratio: 0.661661661662
GC Classification: high GC content
