GC-content: 0.401170530758
AT-content: 0.598829469242
G count: 7972
C count: 7999
A count: 11813
T count: 12027
Sum of G+C+A+T counts: 39811
Total count: 40000
Length of nucleotides: 40000
AT/GC Ratio: 1.49270552877
GC Classification: moderate GC content
