Range Error in line 1: expected one value of type integer
in range [1, 1]
instead found '-100'.
Range Error in line 2: expected one value of type integer
in range [50, 50]
instead found '-100'.
Range Error in line 3: expected one value of type integer
in range [30, 30]
instead found '-100'.
Range Error in line 4: expected one value of type integer
in range [30, 30]
instead found '-100'.
Range Error in line 5: expected one value of type integer
in range [30, 30]
instead found '-100'.
Range Error in line 6: expected one value of type integer
in range [50, 50]
instead found '-100'.
Range Error in line 7: expected one value of type integer
in range [30, 30]
instead found '-100'.
Range Error in line 8: expected one value of type integer
in range [30, 30]
instead found '-100'.
Range Error in line 9: expected one value of type integer
in range [30, 30]
instead found '-100'.
Range Error in line 10: expected one value of type integer
in range [50, 50]
instead found '-100'.
Range Error in line 11: expected one value of type integer
in range [30, 30]
instead found '-100'.
Range Error in line 12: expected one value of type integer
in range [30, 30]
instead found '-100'.
Range Error in line 13: expected one value of type integer
in range [30, 30]
instead found '-100'.
Range Error in line 14: expected one value of type integer
in range [50, 50]
instead found '-100'.
Range Error in line 15: expected one value of type integer
in range [30, 30]
instead found '-100'.
Range Error in line 16: expected one value of type integer
in range [30, 30]
instead found '-100'.
Range Error in line 17: expected one value of type integer
in range [30, 30]
instead found '-100'.
Range Error in line 18: expected one value of type integer
in range [50, 50]
instead found '-100'.
Range Error in line 19: expected one value of type integer
in range [30, 30]
instead found '-100'.
Range Error in line 20: expected one value of type integer
in range [30, 30]
instead found '-100'.
Range Error in line 21: expected one value of type integer
in range [30, 30]
instead found '-100'.
Range Error in line 22: expected one value of type integer
in range [70, 70]
instead found '-100'.
Range Error in line 23: expected one value of type integer
in range [20, 20]
instead found '-100'.
Range Error in line 24: expected one value of type integer
in range [80, 80]
instead found '-100'.
Range Error in line 25: expected one value of type integer
in range [80, 80]
instead found '-100'.
Range Error in line 26: expected one value of type integer
in range [80, 80]
instead found '-100'.
Range Error in line 27: expected one value of type integer
in range [80, 80]
instead found '-100'.
Range Error in line 28: expected one value of type integer
in range [80, 80]
instead found '-100'.
Range Error in line 29: expected one value of type integer
in range [80, 80]
instead found '-100'.
Range Error in line 30: expected one value of type integer
in range [80, 80]
instead found '-100'.
Range Error in line 31: expected one value of type integer
in range [80, 80]
instead found '-100'.
Range Error in line 32: expected one value of type integer
in range [2, 2]
instead found '-100'.
Range Error in line 33: expected one value of type integer
in range [20, 20]
instead found '-100'.
Range Error in line 34: expected one value of type integer
in range [80, 80]
instead found '-100'.
Range Error in line 35: expected one value of type integer
in range [80, 80]
instead found '-100'.
Range Error in line 36: expected one value of type integer
in range [80, 80]
instead found '-100'.
Range Error in line 37: expected one value of type integer
in range [80, 80]
instead found '-100'.
Range Error in line 38: expected one value of type integer
in range [80, 80]
instead found '-100'.
Range Error in line 39: expected one value of type integer
in range [80, 80]
instead found '-100'.
Range Error in line 40: expected one value of type integer
in range [80, 80]
instead found '-100'.
Range Error in line 41: expected one value of type integer
in range [80, 80]
instead found '-100'.
Range Error in line 42: expected one value of type integer
in range [2, 2]
instead found '-100'.
Range Error in line 43: expected one value of type integer
in range [3, 3]
instead found '-100'.
Range Error in line 44: expected one value of type integer
in range [50, 50]
instead found '-100'.
Range Error in line 45: expected one value of type integer
in range [50, 50]
instead found '-100'.
Range Error in line 46: expected one value of type integer
in range [50, 50]
instead found '-100'.
Range Error in line 47: expected one value of type integer
in range [50, 50]
instead found '-100'.
Range Error in line 48: expected one value of type integer
in range [50, 50]
instead found '-100'.
Range Error in line 49: expected one value of type integer
in range [40, 40]
instead found '-100'.
Range Error in line 50: expected one value of type integer
in range [40, 40]
instead found '-100'.
Range Error in line 51: expected one value of type integer
in range [40, 40]
instead found '-100'.
Range Error in line 52: expected one value of type integer
in range [40, 40]
instead found '-100'.
Range Error in line 53: expected one value of type integer
in range [70, 70]
instead found '-100'.
Range Error in line 54: expected one value of type integer
in range [20, 20]
instead found '-100'.
Range Error in line 55: expected one value of type integer
in range [80, 80]
instead found '-100'.
Range Error in line 56: expected one value of type integer
in range [80, 80]
instead found '-100'.
Range Error in line 57: expected one value of type integer
in range [80, 80]
instead found '-100'.
Range Error in line 58: expected one value of type integer
in range [80, 80]
instead found '-100'.
Range Error in line 59: expected one value of type integer
in range [80, 80]
instead found '-100'.
Range Error in line 60: expected one value of type integer
in range [80, 80]
instead found '-100'.
Range Error in line 61: expected one value of type integer
in range [80, 80]
instead found '-100'.
Range Error in line 62: expected one value of type integer
in range [80, 80]
instead found '-100'.
Range Error in line 63: expected one value of type integer
in range [2, 2]
instead found '-100'.
Range Error in line 64: expected one value of type integer
in range [20, 20]
instead found '-100'.
Range Error in line 65: expected one value of type integer
in range [80, 80]
instead found '-100'.
Range Error in line 66: expected one value of type integer
in range [80, 80]
instead found '-100'.
Range Error in line 67: expected one value of type integer
in range [80, 80]
instead found '-100'.
Range Error in line 68: expected one value of type integer
in range [80, 80]
instead found '-100'.
Range Error in line 69: expected one value of type integer
in range [80, 80]
instead found '-100'.
Range Error in line 70: expected one value of type integer
in range [80, 80]
instead found '-100'.
Range Error in line 71: expected one value of type integer
in range [80, 80]
instead found '-100'.
Range Error in line 72: expected one value of type integer
in range [80, 80]
instead found '-100'.
Range Error in line 73: expected one value of type integer
in range [2, 2]
instead found '-100'.
Range Error in line 74: expected one value of type integer
in range [3, 3]
instead found '-100'.
Range Error in line 75: expected one value of type integer
in range [50, 50]
instead found '-100'.
Range Error in line 76: expected one value of type integer
in range [50, 50]
instead found '-100'.
Range Error in line 77: expected one value of type integer
in range [50, 50]
instead found '-100'.
Range Error in line 78: expected one value of type integer
in range [50, 50]
instead found '-100'.
Range Error in line 79: expected one value of type integer
in range [50, 50]
instead found '-100'.
Range Error in line 80: expected one value of type integer
in range [40, 40]
instead found '-100'.
Range Error in line 81: expected one value of type integer
in range [40, 40]
instead found '-100'.
Range Error in line 82: expected one value of type integer
in range [40, 40]
instead found '-100'.
Range Error in line 83: expected one value of type integer
in range [40, 40]
instead found '-100'.
Range Error in line 84: expected one value of type integer
in range [70, 70]
instead found '-100'.
Range Error in line 85: expected one value of type integer
in range [20, 20]
instead found '-100'.
Range Error in line 86: expected one value of type integer
in range [80, 80]
instead found '-100'.
Range Error in line 87: expected one value of type integer
in range [80, 80]
instead found '-100'.
Range Error in line 88: expected one value of type integer
in range [80, 80]
instead found '-100'.
Range Error in line 89: expected one value of type integer
in range [80, 80]
instead found '-100'.
Range Error in line 90: expected one value of type integer
in range [80, 80]
instead found '-100'.
Range Error in line 91: expected one value of type integer
in range [80, 80]
instead found '-100'.
Range Error in line 92: expected one value of type integer
in range [80, 80]
instead found '-100'.
Range Error in line 93: expected one value of type integer
in range [80, 80]
instead found '-100'.
Range Error in line 94: expected one value of type integer
in range [2, 2]
instead found '-100'.
Range Error in line 95: expected one value of type integer
in range [20, 20]
instead found '-100'.
Range Error in line 96: expected one value of type integer
in range [80, 80]
instead found '-100'.
Range Error in line 97: expected one value of type integer
in range [80, 80]
instead found '-100'.
Range Error in line 98: expected one value of type integer
in range [80, 80]
instead found '-100'.
Range Error in line 99: expected one value of type integer
in range [80, 80]
instead found '-100'.
Range Error in line 100: expected one value of type integer
in range [80, 80]
instead found '-100'.
Range Error in line 101: expected one value of type integer
in range [80, 80]
instead found '-100'.
Range Error in line 102: expected one value of type integer
in range [80, 80]
instead found '-100'.
Range Error in line 103: expected one value of type integer
in range [80, 80]
instead found '-100'.
Range Error in line 104: expected one value of type integer
in range [2, 2]
instead found '-100'.
Range Error in line 105: expected one value of type integer
in range [3, 3]
instead found '-100'.
Range Error in line 106: expected one value of type integer
in range [50, 50]
instead found '-100'.
Range Error in line 107: expected one value of type integer
in range [50, 50]
instead found '-100'.
Range Error in line 108: expected one value of type integer
in range [50, 50]
instead found '-100'.
Range Error in line 109: expected one value of type integer
in range [50, 50]
instead found '-100'.
Range Error in line 110: expected one value of type integer
in range [50, 50]
instead found '-100'.
Range Error in line 111: expected one value of type integer
in range [40, 40]
instead found '-100'.
Range Error in line 112: expected one value of type integer
in range [40, 40]
instead found '-100'.
Range Error in line 113: expected one value of type integer
in range [40, 40]
instead found '-100'.
Range Error in line 114: expected one value of type integer
in range [40, 40]
instead found '-100'.
Range Error in line 115: expected one value of type integer
in range [70, 70]
instead found '-100'.
Range Error in line 116: expected one value of type integer
in range [20, 20]
instead found '-100'.
Range Error in line 117: expected one value of type integer
in range [80, 80]
instead found '-100'.
Range Error in line 118: expected one value of type integer
in range [80, 80]
instead found '-100'.
Range Error in line 119: expected one value of type integer
in range [80, 80]
instead found '-100'.
Range Error in line 120: expected one value of type integer
in range [80, 80]
instead found '-100'.
Range Error in line 121: expected one value of type integer
in range [80, 80]
instead found '-100'.
Range Error in line 122: expected one value of type integer
in range [80, 80]
instead found '-100'.
Range Error in line 123: expected one value of type integer
in range [80, 80]
instead found '-100'.
Range Error in line 124: expected one value of type integer
in range [80, 80]
instead found '-100'.
Range Error in line 125: expected one value of type integer
in range [2, 2]
instead found '-100'.
Range Error in line 126: expected one value of type integer
in range [20, 20]
instead found '-100'.
Range Error in line 127: expected one value of type integer
in range [80, 80]
instead found '-100'.
Range Error in line 128: expected one value of type integer
in range [80, 80]
instead found '-100'.
Range Error in line 129: expected one value of type integer
in range [80, 80]
instead found '-100'.
Range Error in line 130: expected one value of type integer
in range [80, 80]
instead found '-100'.
Range Error in line 131: expected one value of type integer
in range [80, 80]
instead found '-100'.
Range Error in line 132: expected one value of type integer
in range [80, 80]
instead found '-100'.
Range Error in line 133: expected one value of type integer
in range [80, 80]
instead found '-100'.
Range Error in line 134: expected one value of type integer
in range [80, 80]
instead found '-100'.
Range Error in line 135: expected one value of type integer
in range [2, 2]
instead found '-100'.
Range Error in line 136: expected one value of type integer
in range [3, 3]
instead found '-100'.
Range Error in line 137: expected one value of type integer
in range [50, 50]
instead found '-100'.
Range Error in line 138: expected one value of type integer
in range [50, 50]
instead found '-100'.
Range Error in line 139: expected one value of type integer
in range [50, 50]
instead found '-100'.
Range Error in line 140: expected one value of type integer
in range [50, 50]
instead found '-100'.
Range Error in line 141: expected one value of type integer
in range [50, 50]
instead found '-100'.
Range Error in line 142: expected one value of type integer
in range [40, 40]
instead found '-100'.
Range Error in line 143: expected one value of type integer
in range [40, 40]
instead found '-100'.
Range Error in line 144: expected one value of type integer
in range [40, 40]
instead found '-100'.
Range Error in line 145: expected one value of type integer
in range [40, 40]
instead found '-100'.
Range Error in line 146: expected one value of type integer
in range [70, 70]
instead found '-100'.
Range Error in line 147: expected one value of type integer
in range [20, 20]
instead found '-100'.
Range Error in line 148: expected one value of type integer
in range [80, 80]
instead found '-100'.
Range Error in line 149: expected one value of type integer
in range [80, 80]
instead found '-100'.
Range Error in line 150: expected one value of type integer
in range [80, 80]
instead found '-100'.
Range Error in line 151: expected one value of type integer
in range [80, 80]
instead found '-100'.
Range Error in line 152: expected one value of type integer
in range [80, 80]
instead found '-100'.
Range Error in line 153: expected one value of type integer
in range [80, 80]
instead found '-100'.
Range Error in line 154: expected one value of type integer
in range [80, 80]
instead found '-100'.
Range Error in line 155: expected one value of type integer
in range [80, 80]
instead found '-100'.
Range Error in line 156: expected one value of type integer
in range [2, 2]
instead found '-100'.
Range Error in line 157: expected one value of type integer
in range [20, 20]
instead found '-100'.
Range Error in line 158: expected one value of type integer
in range [80, 80]
instead found '-100'.
Range Error in line 159: expected one value of type integer
in range [80, 80]
instead found '-100'.
Range Error in line 160: expected one value of type integer
in range [80, 80]
instead found '-100'.
Range Error in line 161: expected one value of type integer
in range [80, 80]
instead found '-100'.
Range Error in line 162: expected one value of type integer
in range [80, 80]
instead found '-100'.
Range Error in line 163: expected one value of type integer
in range [80, 80]
instead found '-100'.
Range Error in line 164: expected one value of type integer
in range [80, 80]
instead found '-100'.
Range Error in line 165: expected one value of type integer
in range [80, 80]
instead found '-100'.
Range Error in line 166: expected one value of type integer
in range [2, 2]
instead found '-100'.
Range Error in line 167: expected one value of type integer
in range [3, 3]
instead found '-100'.
Range Error in line 168: expected one value of type integer
in range [50, 50]
instead found '-100'.
Range Error in line 169: expected one value of type integer
in range [50, 50]
instead found '-100'.
Range Error in line 170: expected one value of type integer
in range [50, 50]
instead found '-100'.
Range Error in line 171: expected one value of type integer
in range [50, 50]
instead found '-100'.
Range Error in line 172: expected one value of type integer
in range [50, 50]
instead found '-100'.
Range Error in line 173: expected one value of type integer
in range [40, 40]
instead found '-100'.
Range Error in line 174: expected one value of type integer
in range [40, 40]
instead found '-100'.
Range Error in line 175: expected one value of type integer
in range [40, 40]
instead found '-100'.
Range Error in line 176: expected one value of type integer
in range [40, 40]
instead found '-100'.
Range Error in line 177: expected one value of type integer
in range [70, 70]
instead found '-100'.
Range Error in line 178: expected one value of type integer
in range [20, 20]
instead found '-100'.
Range Error in line 179: expected one value of type integer
in range [80, 80]
instead found '-100'.
Range Error in line 180: expected one value of type integer
in range [80, 80]
instead found '-100'.
Range Error in line 181: expected one value of type integer
in range [80, 80]
instead found '-100'.
Range Error in line 182: expected one value of type integer
in range [80, 80]
instead found '-100'.
Range Error in line 183: expected one value of type integer
in range [80, 80]
instead found '-100'.
Range Error in line 184: expected one value of type integer
in range [80, 80]
instead found '-100'.
Range Error in line 185: expected one value of type integer
in range [80, 80]
instead found '-100'.
Range Error in line 186: expected one value of type integer
in range [80, 80]
instead found '-100'.
Range Error in line 187: expected one value of type integer
in range [2, 2]
instead found '-100'.
Range Error in line 188: expected one value of type integer
in range [20, 20]
instead found '-100'.
Range Error in line 189: expected one value of type integer
in range [80, 80]
instead found '-100'.
Range Error in line 190: expected one value of type integer
in range [80, 80]
instead found '-100'.
Range Error in line 191: expected one value of type integer
in range [80, 80]
instead found '-100'.
Range Error in line 192: expected one value of type integer
in range [80, 80]
instead found '-100'.
Range Error in line 193: expected one value of type integer
in range [80, 80]
instead found '-100'.
Range Error in line 194: expected one value of type integer
in range [80, 80]
instead found '-100'.
Range Error in line 195: expected one value of type integer
in range [80, 80]
instead found '-100'.
Range Error in line 196: expected one value of type integer
in range [80, 80]
instead found '-100'.
Range Error in line 197: expected one value of type integer
in range [2, 2]
instead found '-100'.
Range Error in line 198: expected one value of type integer
in range [3, 3]
instead found '-100'.
Range Error in line 199: expected one value of type integer
in range [50, 50]
instead found '-100'.
Range Error in line 200: expected one value of type integer
in range [50, 50]
instead found '-100'.
Range Error in line 201: expected one value of type integer
in range [50, 50]
instead found '-100'.
Range Error in line 202: expected one value of type integer
in range [50, 50]
instead found '-100'.
Range Error in line 203: expected one value of type integer
in range [50, 50]
instead found '-100'.
Range Error in line 204: expected one value of type integer
in range [40, 40]
instead found '-100'.
Range Error in line 205: expected one value of type integer
in range [40, 40]
instead found '-100'.
Range Error in line 206: expected one value of type integer
in range [40, 40]
instead found '-100'.
Range Error in line 207: expected one value of type integer
in range [40, 40]
instead found '-100'.
Range Error in line 208: expected one value of type integer
in range [70, 70]
instead found '-100'.
Range Error in line 209: expected one value of type integer
in range [20, 20]
instead found '-100'.
Range Error in line 210: expected one value of type integer
in range [80, 80]
instead found '-100'.
Range Error in line 211: expected one value of type integer
in range [80, 80]
instead found '-100'.
Range Error in line 212: expected one value of type integer
in range [80, 80]
instead found '-100'.
Range Error in line 213: expected one value of type integer
in range [80, 80]
instead found '-100'.
Range Error in line 214: expected one value of type integer
in range [80, 80]
instead found '-100'.
Range Error in line 215: expected one value of type integer
in range [80, 80]
instead found '-100'.
Range Error in line 216: expected one value of type integer
in range [80, 80]
instead found '-100'.
Range Error in line 217: expected one value of type integer
in range [80, 80]
instead found '-100'.
Range Error in line 218: expected one value of type integer
in range [2, 2]
instead found '-100'.
Range Error in line 219: expected one value of type integer
in range [20, 20]
instead found '-100'.
Range Error in line 220: expected one value of type integer
in range [80, 80]
instead found '-100'.
Range Error in line 221: expected one value of type integer
in range [80, 80]
instead found '-100'.
Range Error in line 222: expected one value of type integer
in range [80, 80]
instead found '-100'.
Range Error in line 223: expected one value of type integer
in range [80, 80]
instead found '-100'.
Range Error in line 224: expected one value of type integer
in range [80, 80]
instead found '-100'.
Range Error in line 225: expected one value of type integer
in range [80, 80]
instead found '-100'.
Range Error in line 226: expected one value of type integer
in range [80, 80]
instead found '-100'.
Range Error in line 227: expected one value of type integer
in range [80, 80]
instead found '-100'.
Range Error in line 228: expected one value of type integer
in range [2, 2]
instead found '-100'.
Range Error in line 229: expected one value of type integer
in range [3, 3]
instead found '-100'.
Range Error in line 230: expected one value of type integer
in range [50, 50]
instead found '-100'.
Range Error in line 231: expected one value of type integer
in range [50, 50]
instead found '-100'.
Range Error in line 232: expected one value of type integer
in range [50, 50]
instead found '-100'.
Range Error in line 233: expected one value of type integer
in range [50, 50]
instead found '-100'.
Range Error in line 234: expected one value of type integer
in range [50, 50]
instead found '-100'.
Range Error in line 235: expected one value of type integer
in range [40, 40]
instead found '-100'.
Range Error in line 236: expected one value of type integer
in range [40, 40]
instead found '-100'.
Range Error in line 237: expected one value of type integer
in range [40, 40]
instead found '-100'.
Range Error in line 238: expected one value of type integer
in range [40, 40]
instead found '-100'.
Range Error in line 239: expected one value of type integer
in range [5, 5]
instead found '-100'.
