Type Error in line 1: expected one value of type integer
instead found ''.
Type Error in line 3: expected one value of type integer
instead found ''.
